Found 1 dataset(s) with COD tags: bjm-test
Found 1 cowboy COD(s): bjm-test